Could not find 'tests/factReview_regressions.test.js'
